// Jest Snapshot v1, https://goo.gl/fbAQLP

exports[`<SearchBar/> should render 1`] = `
<WithStyles(SearchBar)
  onCancelSearch={[Function]}
  onChange={[Function]}
  onRequestSearch={[Function]}
  style={
    Object {
      "margin": 10,
      "marginTop": 0,
      "maxWidth": 400,
      "width": "100%",
    }
  }
  value=""
/>
`;
